user@DESKTOP-SURGJJ6 MINGW64 ~/Desktop/New folder (master)
$ git init
Initialized empty Git repository in C:/Users/user/Desktop/New folder/.git/

user@DESKTOP-SURGJJ6 MINGW64 ~/Desktop/New folder (master)
$ git status
On branch master

No commits yet

Untracked files:
  (use "git add <file>..." to include in what will be committed)

        file1.txt
        file2.txt
        file3.txt

nothing added to commit but untracked files present (use "git add" to track)

user@DESKTOP-SURGJJ6 MINGW64 ~/Desktop/New folder (master)
$ git add .

user@DESKTOP-SURGJJ6 MINGW64 ~/Desktop/New folder (master)
$ git status
On branch master

No commits yet

Changes to be committed:
  (use "git rm --cached <file>..." to unstage)

        new file:   file1.txt
        new file:   file2.txt
        new file:   file3.txt


user@DESKTOP-SURGJJ6 MINGW64 ~/Desktop/New folder (master)
$ git commit -m "newInsertions"
[master (root-commit) 2264672] newInsertions
 3 files changed, 190 insertions(+)
 create mode 100644 file1.txt
 create mode 100644 file2.txt
 create mode 100644 file3.txt

user@DESKTOP-SURGJJ6 MINGW64 ~/Desktop/New folder (master)
$ git rm --cached file2.txt
rm 'file2.txt'

user@DESKTOP-SURGJJ6 MINGW64 ~/Desktop/New folder (master)
$ git commit -m "remove file2"
[master 29a8e74] remove file2
 1 file changed, 100 deletions(-)
 delete mode 100644 file2.txt

user@DESKTOP-SURGJJ6 MINGW64 ~/Desktop/New folder (master)
$ git status
On branch master
Untracked files:
  (use "git add <file>..." to include in what will be committed)

        file2.txt

nothing added to commit but untracked files present (use "git add" to track)

user@DESKTOP-SURGJJ6 MINGW64 ~/Desktop/New folder (master)
$ git add .

user@DESKTOP-SURGJJ6 MINGW64 ~/Desktop/New folder (master)
$ git commit -m "add file2 again"
[master 1947874] add file2 again
 1 file changed, 100 insertions(+)
 create mode 100644 file2.txt

user@DESKTOP-SURGJJ6 MINGW64 ~/Desktop/New folder (master)
$ git status
On branch master
nothing to commit, working tree clean

user@DESKTOP-SURGJJ6 MINGW64 ~/Desktop/New folder (master)
$ git remote add origin https://github.com/NadeenAhmad/SprintZero.git

user@DESKTOP-SURGJJ6 MINGW64 ~/Desktop/New folder (master)
$ git push -u origin master
Counting objects: 8, done.
Delta compression using up to 4 threads.
Compressing objects: 100% (8/8), done.
Writing objects: 100% (8/8), 8.19 KiB | 4.10 MiB/s, done.
Total 8 (delta 2), reused 0 (delta 0)
remote: Resolving deltas: 100% (2/2), done.
To https://github.com/NadeenAhmad/SprintZero.git
 * [new branch]      master -> master
Branch 'master' set up to track remote branch 'master' from 'origin'.

