$ git init

$ git status
On branch master

No commits yet

Untracked files:
  (use "git add <file>..." to include in what will be committed)

        file1.txt
        file2.txt
        file3.txt

nothing added to commit but untracked files present (use "git add" to track)

user@DESKTOP-SURGJJ6 MINGW64 ~/Desktop/New folder (master)
$ git add .

$ git status

$ git commit -m "newInsertions"

$ git rm --cached file2.txt

$ git commit -m "remove file2"

$ git status
On branch master
Untracked files:
  (use "git add <file>..." to include in what will be committed)

        file2.txt

nothing added to commit but untracked files present (use "git add" to track)

user@DESKTOP-SURGJJ6 MINGW64 ~/Desktop/New folder (master)
$ git add .

$ git commit -m "add file2 again"


$ git remote add origin https://github.com/NadeenAhmad/SprintZero.git


$ git push -u origin master

$ git branch "ReadMe"

$ git add README.md

$ git commit -m "Saving readme in branch"

$ git checkout ReadMe

$ git push origin ReadMe

$ git pull origin master

$ git merge ReadMe

$ git push origin master

$ git status
On branch master
Your branch is up to date with 'origin/master'.

Untracked files:
  (use "git add <file>..." to include in what will be committed)

        AllMyCommands.txt

nothing added to commit but untracked files present (use "git add" to track)

user@DESKTOP-SURGJJ6 MINGW64 ~/Desktop/New folder (master)
$ git add .

$ git commit -m "Adding AllMyCommands file "

$ git push origin master

